git : remote: error: 
GH013: Repository rule 
violations found for 
refs/heads/main.        
At line:1 char:1
+ git push origin main 
2>&1 | Out-File push.log 
-Encoding utf8 ; cmd /c 
...
+ 
~~~~~~~~~~~~~~~~~~~~~~~~~
    + CategoryInfo        
      : NotSpecified: (r  
  emote: error: ...s/ma   
 in.        :String) [    
], RemoteException
    + FullyQualifiedError 
   Id : NativeCommandErr  
  or
 
remote: 
remote: - GITHUB PUSH 
PROTECTION        
remote:   ÔÇöÔÇöÔÇöÔÇöÔÇöÔ
ÇöÔÇöÔÇöÔÇöÔÇöÔÇöÔÇöÔÇöÔÇö
ÔÇöÔÇöÔÇöÔÇöÔÇöÔÇöÔÇöÔÇöÔÇ
öÔÇöÔÇöÔÇöÔÇöÔÇöÔÇöÔÇöÔÇöÔ
ÇöÔÇöÔÇöÔÇöÔÇöÔÇöÔÇöÔÇöÔÇö
ÔÇö        
remote:     Resolve the 
following violations 
before pushing again      
  
remote: 
remote:     - Push cannot 
contain secrets        
remote: 
remote:             
remote:      (?) Learn 
how to resolve a blocked 
push        
remote:      https://docs.
github.com/code-security/s
ecret-scanning/working-wit
h-secret-scanning-and-push
-protection/working-with-p
ush-protection-from-the-co
mmand-line#resolving-a-blo
cked-push        
remote:             
remote:             
remote:       ÔÇöÔÇö 
Google OAuth Client ID ÔÇö
ÔÇöÔÇöÔÇöÔÇöÔÇöÔÇöÔÇöÔÇöÔÇ
öÔÇöÔÇöÔÇöÔÇöÔÇöÔÇöÔÇöÔÇöÔ
ÇöÔÇöÔÇöÔÇöÔÇöÔÇöÔÇöÔÇöÔÇö
ÔÇö        
remote:        locations: 
       
remote:          - 
commit: 519181513ea688c183
6f94dc05f5b6ce8774faf0    
    
remote:            path: s
rc/main/resources/applicat
ion.properties:30        
remote:             
remote:        (?) To 
push, remove secret from 
commit(s) or follow this 
URL to allow the secret.  
      
remote:        https://git
hub.com/nims-creation/Stay
Soul/security/secret-scann
ing/unblock-secret/3C2R3S7
u6rXE0XJgrKASHKnTJJ0      
  
remote:             
remote:             
remote:       ÔÇöÔÇö 
Google OAuth Client 
Secret ÔÇöÔÇöÔÇöÔÇöÔÇöÔÇöÔ
ÇöÔÇöÔÇöÔÇöÔÇöÔÇöÔÇöÔÇöÔÇö
ÔÇöÔÇöÔÇöÔÇöÔÇöÔÇöÔÇöÔÇöÔÇ
ö        
remote:        locations: 
       
remote:          - 
commit: 519181513ea688c183
6f94dc05f5b6ce8774faf0    
    
remote:            path: s
rc/main/resources/applicat
ion.properties:31        
remote:             
remote:        (?) To 
push, remove secret from 
commit(s) or follow this 
URL to allow the secret.  
      
remote:        https://git
hub.com/nims-creation/Stay
Soul/security/secret-scann
ing/unblock-secret/3C2R3Pw
j7vGlKPXWUkIVTBoFPH7      
  
remote:             
remote: 
remote: 
To https://github.com/nims
-creation/StaySoul.git
 ! [remote rejected] main 
-> main (push declined 
due to repository rule 
violations)
error: failed to push 
some refs to 'https://gith
ub.com/nims-creation/StayS
oul.git'
